系统集成测试报告
生成时间: 2026-02-10 18:35:22
================================================================================

总测试数: 19
通过: 19
失败: 0
通过率: 100.0%

详细结果:

环境配置:
  ✓ 环境变量文件
  ✓ 数据库
  ✓ 向量库
  ✓ BERT 模型

模块导入:
  ✓ PyTorch
  ✓ Transformers
  ✓ ChromaDB
  ✓ Streamlit

数据库连接:
  ✓ prices_m1
  ✓ events
  ✓ event_impacts

RAG 引擎:
  ✓ RAG 初始化
  ✓ RAG 检索

情感分析器:
  ✓ 情感分析器初始化
  ✓ 情感分析

Agent 编排器:
  ✓ Agent 初始化
  ✓ 查询类型检测（快讯）
  ✓ 查询类型检测（财报）
  ✓ Agent 查询处理
